eeschema (2013-jul-07)-stable  >> Creation date: ven. 14 nov. 2014 20:16:40 CET
#Cmp ( order = Reference )
| *C1         100n        
| *C2         100n        
| *C3         100n        
| *C4         100n        
| *C5         100n        
| *C6         100n        
| *C7         100n        
| *C8         100n        
| C9         CP          
| *C10        100n        
| *C11        100n        
| *C12        C           
| C13        CP          
| *D1         LED         
| *D2         LED         
| *D3         LED         
| *D4         LED         
| *D5         LED         
| *D7         LED         
| *D8         LED         
| *D9         LED         
| *D10        LED         
| *D11        LED         
| *D12        LED         
| *D13        DIODESCH    
| J1         SIL1        
| J2         SIL1        
| J3         SIL1        
| J4         SIL1        
| J5         RJ12        
| J6         SIL1        
| J7         SIL1        
| *K1         CONN_3      
| *K2         CONN_3      
| *K3         CONN_3      
| *K4         CONN_3      
| *K5         CONN_3      
| *K6         CONN_3      
| *K7         CONN_3      
| *L1         15uH        
| *P1         HE10-16     
| *P2         CONN_4      
| *P3         CONN_4      
| *P4         CONN_4      
| *P5         CONN_4      
| *P6         CONN_4      
| *P7         CONN_4      
| *P8         CONN_2      
| *P9         CONN_5      
| *P10        CONN_2      
| *P11        CONN_2      
| *P14        CAVALIER    
| *P15        CAVALIER    
| *Q1         BSS123      
| *Q2         BSS123      
| *Q3         BSS123      
| *Q4         BSS123      
| *R1         1k          
| *R2         330         
| *R3         330         
| *R4         330         
| *R5         10K         
| *R6         330         
| *R7         2.1k        
| *R8         2.1k        
| *R9         1k          
| *R10        1k          
| *R11        2.1k        
| *R12        2.1k        
| *R13        1k          
| *R14        1k          
| *R16        10K         
| *R17        10K         
| *R18        10K         
| *R19        10K         
| *R20        10K         
| *R21        10K         
| *R22        10K         
| *R23        10K         
| *R24        10K         
| *R25        10K         
| *R26        10K         
| *R27        10K         
| *R28        10K         
| *R29        10K         
| *R30        3.2k        
| *R31        3.2k        
| *R32        3.2k        
| *R33        3.2k        
| *R34        1.5k        
| *R35        1.5k        
| *R36        1.5k        
| *R37        1.5k        
| *R38        220k        
| *R39        220k        
| *R40        4.7k        
| *R41        4.7k        
| *R42        4.7k        
| *R43        4.7k        
| *R44        3..3k       
| *R45        R           
| *R46        R           
| RVAR1      4.7K        
| SW1        SWITCH_X_8  
| *SW2        SW_PUSH_SMALL
| SW3        SWITCH_X_8  
| *U1         PIC32MX795F512H
| *U2         74LVCC3245  
| *U3         74LVCC3245  
| *U4         PCA9306     
| *U5         PCA9306     
| *U6         74LVCC3245  
| *U7         24C512      
| *U8         LM75A       
| *U9         PCF8563     
| *X1         CRYSTAL1    
#End Cmp

#Cmp ( order = Value )
| 100n         C1        
| 100n         C2        
| 100n         C3        
| 100n         C4        
| 100n         C5        
| 100n         C6        
| 100n         C7        
| 100n         C8        
| 100n         C10       
| 100n         C11       
| CP           C9        
| C            C12       
| CP           C13       
| LED          D1        
| LED          D2        
| LED          D3        
| LED          D4        
| LED          D5        
| LED          D7        
| LED          D8        
| LED          D9        
| LED          D10       
| LED          D11       
| LED          D12       
| DIODESCH     D13       
| SIL1         J1        
| SIL1         J2        
| SIL1         J3        
| SIL1         J4        
| RJ12         J5        
| SIL1         J6        
| SIL1         J7        
| CONN_3       K1        
| CONN_3       K2        
| CONN_3       K3        
| CONN_3       K4        
| CONN_3       K5        
| CONN_3       K6        
| CONN_3       K7        
| 15uH         L1        
| HE10-16      P1        
| CONN_4       P2        
| CONN_4       P3        
| CONN_4       P4        
| CONN_4       P5        
| CONN_4       P6        
| CONN_4       P7        
| CONN_2       P8        
| CONN_5       P9        
| CONN_2       P10       
| CONN_2       P11       
| CAVALIER     P14       
| CAVALIER     P15       
| BSS123       Q1        
| BSS123       Q2        
| BSS123       Q3        
| BSS123       Q4        
| 3..3k        R44       
| 330          R2        
| 330          R3        
| 330          R4        
| 330          R6        
| 1k           R1        
| 1k           R9        
| 1k           R10       
| 1k           R13       
| 1k           R14       
| 1.5k         R34       
| 1.5k         R35       
| 1.5k         R36       
| 1.5k         R37       
| 2.1k         R7        
| 2.1k         R8        
| 2.1k         R11       
| 2.1k         R12       
| 3.2k         R30       
| 3.2k         R31       
| 3.2k         R32       
| 3.2k         R33       
| 4.7k         R40       
| 4.7k         R41       
| 4.7k         R42       
| 4.7k         R43       
| 10K          R5        
| 10K          R16       
| 10K          R17       
| 10K          R18       
| 10K          R19       
| 10K          R20       
| 10K          R21       
| 10K          R22       
| 10K          R23       
| 10K          R24       
| 10K          R25       
| 10K          R26       
| 10K          R27       
| 10K          R28       
| 10K          R29       
| 220k         R38       
| 220k         R39       
| R            R45       
| R            R46       
| 4.7K         RVAR1     
| SWITCH_X_8   SW1       
| SW_PUSH_SMALL SW2       
| SWITCH_X_8   SW3       
| PIC32MX795F512H U1        
| 74LVCC3245   U2        
| 74LVCC3245   U3        
| PCA9306      U4        
| PCA9306      U5        
| 74LVCC3245   U6        
| 24C512       U7        
| LM75A        U8        
| PCF8563      U9        
| CRYSTAL1     X1        
#End Cmp

#End List
